This is pdfTeX, Version 3.141592653-2.6-1.40.28 (MiKTeX 25.12) (preloaded format=pdflatex 2026.9.30)  30 SEP 2026 22:21
entering extended mode
 restricted \write18 enabled.
 %&-line parsing enabled.
**./report.tex
(report.tex
LaTeX2e <2025-11-01>
L3 programming layer <2025-12-24>

(C:\Users\Administrator\AppData\Local\Programs\MiKTeX\tex/latex/base\article.cl
s
Document Class: article 2025/01/22 v1.4n Standard LaTeX document class

(C:\Users\Administrator\AppData\Local\Programs\MiKTeX\tex/latex/base\size11.clo
File: size11.clo 2025/01/22 v1.4n Standard LaTeX file (size option)
)
\c@part=\count275
\c@section=\count276
\c@subsection=\count277
\c@subsubsection=\count278
\c@paragraph=\count279
\c@subparagraph=\count280
\c@figure=\count281
\c@table=\count282
\abovecaptionskip=\skip49
\belowcaptionskip=\skip50
\bibindent=\dimen148
)
(C:\Users\Administrator\AppData\Local\Programs\MiKTeX\tex/latex/amsmath\amsmath
.sty
Package: amsmath 2025/07/09 v2.17z AMS math features
\@mathmargin=\skip51

For additional information on amsmath, use the `?' option.

(C:\Users\Administrator\AppData\Local\Programs\MiKTeX\tex/latex/amsmath\amstext
.sty
Package: amstext 2024/11/17 v2.01 AMS text

(C:\Users\Administrator\AppData\Local\Programs\MiKTeX\tex/latex/amsmath\amsgen.
sty
File: amsgen.sty 1999/11/30 v2.0 generic functions
\@emptytoks=\toks17
\ex@=\dimen149
))
(C:\Users\Administrator\AppData\Local\Programs\MiKTeX\tex/latex/amsmath\amsbsy.
sty
Package: amsbsy 1999/11/29 v1.2d Bold Symbols
\pmbraise@=\dimen150
)
(C:\Users\Administrator\AppData\Local\Programs\MiKTeX\tex/latex/amsmath\amsopn.
sty
Package: amsopn 2022/04/08 v2.04 operator names
)
\inf@bad=\count283
LaTeX Info: Redefining \frac on input line 233.
\uproot@=\count284
\leftroot@=\count285
LaTeX Info: Redefining \overline on input line 398.
LaTeX Info: Redefining \colon on input line 409.
\classnum@=\count286
\DOTSCASE@=\count287
LaTeX Info: Redefining \ldots on input line 495.
LaTeX Info: Redefining \dots on input line 498.
LaTeX Info: Redefining \cdots on input line 619.
\Mathstrutbox@=\box53
\strutbox@=\box54
LaTeX Info: Redefining \big on input line 721.
LaTeX Info: Redefining \Big on input line 722.
LaTeX Info: Redefining \bigg on input line 723.
LaTeX Info: Redefining \Bigg on input line 724.
\big@size=\dimen151
LaTeX Font Info:    Redeclaring font encoding OML on input line 742.
LaTeX Font Info:    Redeclaring font encoding OMS on input line 743.
\macc@depth=\count288
LaTeX Info: Redefining \bmod on input line 904.
LaTeX Info: Redefining \pmod on input line 909.
LaTeX Info: Redefining \smash on input line 939.
LaTeX Info: Redefining \relbar on input line 969.
LaTeX Info: Redefining \Relbar on input line 970.
\c@MaxMatrixCols=\count289
\dotsspace@=\muskip17
\c@parentequation=\count290
\dspbrk@lvl=\count291
\tag@help=\toks18
\row@=\count292
\column@=\count293
\maxfields@=\count294
\andhelp@=\toks19
\eqnshift@=\dimen152
\alignsep@=\dimen153
\tagshift@=\dimen154
\tagwidth@=\dimen155
\totwidth@=\dimen156
\lineht@=\dimen157
\@envbody=\toks20
\multlinegap=\skip52
\multlinetaggap=\skip53
\mathdisplay@stack=\toks21
LaTeX Info: Redefining \[ on input line 2950.
LaTeX Info: Redefining \] on input line 2951.
)
(C:\Users\Administrator\AppData\Local\Programs\MiKTeX\tex/latex/amsfonts\amssym
b.sty
Package: amssymb 2013/01/14 v3.01 AMS font symbols

(C:\Users\Administrator\AppData\Local\Programs\MiKTeX\tex/latex/amsfonts\amsfon
ts.sty
Package: amsfonts 2013/01/14 v3.01 Basic AMSFonts support
\symAMSa=\mathgroup4
\symAMSb=\mathgroup5
LaTeX Font Info:    Redeclaring math symbol \hbar on input line 98.
LaTeX Font Info:    Overwriting math alphabet `\mathfrak' in version `bold'
(Font)                  U/euf/m/n --> U/euf/b/n on input line 106.
))
(C:\Users\Administrator\AppData\Local\Programs\MiKTeX\tex/latex/graphics\graphi
cx.sty
Package: graphicx 2024/12/31 v1.2e Enhanced LaTeX Graphics (DPC,SPQR)

(C:\Users\Administrator\AppData\Local\Programs\MiKTeX\tex/latex/graphics\keyval
.sty
Package: keyval 2022/05/29 v1.15 key=value parser (DPC)
\KV@toks@=\toks22
)
(C:\Users\Administrator\AppData\Local\Programs\MiKTeX\tex/latex/graphics\graphi
cs.sty
Package: graphics 2024/08/06 v1.4g Standard LaTeX Graphics (DPC,SPQR)

(C:\Users\Administrator\AppData\Local\Programs\MiKTeX\tex/latex/graphics\trig.s
ty
Package: trig 2023/12/02 v1.11 sin cos tan (DPC)
)
(C:\Users\Administrator\AppData\Local\Programs\MiKTeX\tex/latex/graphics-cfg\gr
aphics.cfg
File: graphics.cfg 2016/06/04 v1.11 sample graphics configuration
)
Package graphics Info: Driver file: pdftex.def on input line 106.

(C:\Users\Administrator\AppData\Local\Programs\MiKTeX\tex/latex/graphics-def\pd
ftex.def
File: pdftex.def 2025/09/29 v1.2d Graphics/color driver for pdftex
))
\Gin@req@height=\dimen158
\Gin@req@width=\dimen159
)
(C:\Users\Administrator\AppData\Local\Programs\MiKTeX\tex/latex/url\url.sty
\Urlmuskip=\muskip18
Package: url 2013/09/16  ver 3.4  Verb mode for urls, etc.
)
\resultbox=\box55

(C:\Users\Administrator\AppData\Local\Programs\MiKTeX\tex/latex/l3backend\l3bac
kend-pdftex.def
File: l3backend-pdftex.def 2025-10-09 L3 backend support: PDF output (pdfTeX)
\l__color_backend_stack_int=\count295
) (Assignment_2_STUDENTNUMBER.aux)
\openout1 = `Assignment_2_STUDENTNUMBER.aux'.

LaTeX Font Info:    Checking defaults for OML/cmm/m/it on input line 27.
LaTeX Font Info:    ... okay on input line 27.
LaTeX Font Info:    Checking defaults for OMS/cmsy/m/n on input line 27.
LaTeX Font Info:    ... okay on input line 27.
LaTeX Font Info:    Checking defaults for OT1/cmr/m/n on input line 27.
LaTeX Font Info:    ... okay on input line 27.
LaTeX Font Info:    Checking defaults for T1/cmr/m/n on input line 27.
LaTeX Font Info:    ... okay on input line 27.
LaTeX Font Info:    Checking defaults for TS1/cmr/m/n on input line 27.
LaTeX Font Info:    ... okay on input line 27.
LaTeX Font Info:    Checking defaults for OMX/cmex/m/n on input line 27.
LaTeX Font Info:    ... okay on input line 27.
LaTeX Font Info:    Checking defaults for U/cmr/m/n on input line 27.
LaTeX Font Info:    ... okay on input line 27.

(C:\Users\Administrator\AppData\Local\Programs\MiKTeX\tex/context/base/mkii\sup
p-pdf.mkii
[Loading MPS to PDF converter (version 2006.09.02).]
\scratchcounter=\count296
\scratchdimen=\dimen160
\scratchbox=\box56
\nofMPsegments=\count297
\nofMParguments=\count298
\everyMPshowfont=\toks23
\MPscratchCnt=\count299
\MPscratchDim=\dimen161
\MPnumerator=\count300
\makeMPintoPDFobject=\count301
\everyMPtoPDFconversion=\toks24
)
(C:\Users\Administrator\AppData\Local\Programs\MiKTeX\tex/latex/epstopdf-pkg\ep
stopdf-base.sty
Package: epstopdf-base 2020-01-24 v2.11 Base part for package epstopdf
Package epstopdf-base Info: Redefining graphics rule for `.eps' on input line 4
85.

(C:\Users\Administrator\AppData\Local\Programs\MiKTeX\tex/latex/00miktex\epstop
df-sys.cfg
File: epstopdf-sys.cfg 2021/03/18 v2.0 Configuration of epstopdf for MiKTeX
))
LaTeX Font Info:    Trying to load font information for U+msa on input line 28.


(C:\Users\Administrator\AppData\Local\Programs\MiKTeX\tex/latex/amsfonts\umsa.f
d
File: umsa.fd 2013/01/14 v3.01 AMS symbols A
)
LaTeX Font Info:    Trying to load font information for U+msb on input line 28.


(C:\Users\Administrator\AppData\Local\Programs\MiKTeX\tex/latex/amsfonts\umsb.f
d
File: umsb.fd 2013/01/14 v3.01 AMS symbols B
) (outputs/tex/Table_02.tex) [1

{C:/Users/Administrator/AppData/Local/MiKTeX/fonts/map/pdftex/pdftex.map}] (out
puts/tex/Table_03.tex) [2]
(outputs/tex/Table_04.tex)
<outputs/figures/Figure_01.pdf, id=19, 570.9757pt x 321.50488pt>
File: outputs/figures/Figure_01.pdf Graphic file (type pdf)
<use outputs/figures/Figure_01.pdf>
Package pdftex.def Info: outputs/figures/Figure_01.pdf  used on input line 132.

(pdftex.def)             Requested size: 430.20282pt x 242.23676pt.
 (outputs/tex/findings.tex [3 <./outputs/figures/Figure_01.pdf>]) (outputs/tex/
Table_05.tex)
<outputs/figures/Figure_02.pdf, id=79, 570.75925pt x 319.51358pt>
File: outputs/figures/Figure_02.pdf Graphic file (type pdf)
<use outputs/figures/Figure_02.pdf>
Package pdftex.def Info: outputs/figures/Figure_02.pdf  used on input line 160.

(pdftex.def)             Requested size: 430.20282pt x 240.82906pt.
 [4]
<outputs/figures/Figure_07.pdf, id=84, 570.69963pt x 321.50488pt>
File: outputs/figures/Figure_07.pdf Graphic file (type pdf)
<use outputs/figures/Figure_07.pdf>
Package pdftex.def Info: outputs/figures/Figure_07.pdf  used on input line 161.

(pdftex.def)             Requested size: 430.20282pt x 242.3594pt.
 (outputs/tex/Table_06.tex) [5 <./outputs/figures/Figure_02.pdf> <./outputs/fig
ures/Figure_07.pdf>]
<outputs/figures/Figure_03.pdf, id=192, 643.02924pt x 284.10129pt>
File: outputs/figures/Figure_03.pdf Graphic file (type pdf)
<use outputs/figures/Figure_03.pdf>
Package pdftex.def Info: outputs/figures/Figure_03.pdf  used on input line 175.

(pdftex.def)             Requested size: 430.20282pt x 190.0781pt.

(outputs/tex/Table_14.tex) (outputs/tex/Table_07.tex)
<outputs/figures/Figure_04.pdf, id=193, 570.69963pt x 321.91455pt>
File: outputs/figures/Figure_04.pdf Graphic file (type pdf)
<use outputs/figures/Figure_04.pdf>
Package pdftex.def Info: outputs/figures/Figure_04.pdf  used on input line 191.

(pdftex.def)             Requested size: 430.20282pt x 242.66821pt.
 [6 <./outputs/figures/Figure_03.pdf>] [7 <./outputs/figures/Figure_04.pdf>] (o
utputs/tex/Table_08.tex)
<outputs/figures/Figure_05.pdf, id=300, 715.57059pt x 321.50488pt>
File: outputs/figures/Figure_05.pdf Graphic file (type pdf)
<use outputs/figures/Figure_05.pdf>
Package pdftex.def Info: outputs/figures/Figure_05.pdf  used on input line 242.

(pdftex.def)             Requested size: 430.20282pt x 193.28706pt.

(outputs/tex/Table_10.tex)
<outputs/figures/Figure_06.pdf, id=301, 570.75925pt x 321.50488pt>
File: outputs/figures/Figure_06.pdf Graphic file (type pdf)
<use outputs/figures/Figure_06.pdf>
Package pdftex.def Info: outputs/figures/Figure_06.pdf  used on input line 249.

(pdftex.def)             Requested size: 430.20282pt x 242.32997pt.
 [8 <./outputs/figures/Figure_05.pdf>]
(outputs/tex/Table_11.tex) [9 <./outputs/figures/Figure_06.pdf>]
(outputs/tex/Table_15.tex) [10] (Assignment_2_STUDENTNUMBER.aux)
 ***********
LaTeX2e <2025-11-01>
L3 programming layer <2025-12-24>
 ***********
 ) 
Here is how much of TeX's memory you used:
 2781 strings out of 467870
 44470 string characters out of 5414483
 450210 words of memory out of 5000000
 31617 multiletter control sequences out of 15000+600000
 637646 words of font info for 79 fonts, out of 8000000 for 9000
 1141 hyphenation exceptions out of 8191
 57i,10n,65p,302b,345s stack positions out of 10000i,1000n,20000p,200000b,200000s
<C:/Users/Administrator/AppData/Local/Programs/MiKTeX/fonts/type1/public/amsf
onts/cm/cmbx10.pfb><C:/Users/Administrator/AppData/Local/Programs/MiKTeX/fonts/
type1/public/amsfonts/cm/cmbx12.pfb><C:/Users/Administrator/AppData/Local/Progr
ams/MiKTeX/fonts/type1/public/amsfonts/cm/cmex10.pfb><C:/Users/Administrator/Ap
pData/Local/Programs/MiKTeX/fonts/type1/public/amsfonts/cm/cmmi10.pfb><C:/Users
/Administrator/AppData/Local/Programs/MiKTeX/fonts/type1/public/amsfonts/cm/cmm
i8.pfb><C:/Users/Administrator/AppData/Local/Programs/MiKTeX/fonts/type1/public
/amsfonts/cm/cmr10.pfb><C:/Users/Administrator/AppData/Local/Programs/MiKTeX/fo
nts/type1/public/amsfonts/cm/cmr12.pfb><C:/Users/Administrator/AppData/Local/Pr
ograms/MiKTeX/fonts/type1/public/amsfonts/cm/cmr17.pfb><C:/Users/Administrator/
AppData/Local/Programs/MiKTeX/fonts/type1/public/amsfonts/cm/cmr8.pfb><C:/Users
/Administrator/AppData/Local/Programs/MiKTeX/fonts/type1/public/amsfonts/cm/cms
y10.pfb><C:/Users/Administrator/AppData/Local/Programs/MiKTeX/fonts/type1/publi
c/amsfonts/cm/cmsy8.pfb><C:/Users/Administrator/AppData/Local/Programs/MiKTeX/f
onts/type1/public/amsfonts/cm/cmti10.pfb><C:/Users/Administrator/AppData/Local/
Programs/MiKTeX/fonts/type1/public/amsfonts/cm/cmtt10.pfb>
Output written on Assignment_2_STUDENTNUMBER.pdf (10 pages, 346049 bytes).
PDF statistics:
 464 PDF objects out of 1000 (max. 8388607)
 0 named destinations out of 1000 (max. 500000)
 36 words of extra memory for PDF output out of 10000 (max. 10000000)

